GitReins guard run log — full output (the console summary is bounded)
run_utc: 2026-09-20T09:17:46Z
workdir: /home/kara/off-by-one
test_mode: full
test_targets: all (full mode)
overall: PASS
guards: 4 (0 failed, 0 skipped)
diagnostics:
  first_failing_test: none detected
  secrets_scanners: clean (gitleaks + builtin cross-check)

==============================================================================
[PASS] secrets  passed=true  exit_code=n/a
==============================================================================
--- output (untruncated) ---
gitleaks: clean

==============================================================================
[PASS] go_build  passed=true  exit_code=n/a
==============================================================================
--- output (untruncated) ---
go build: ok

==============================================================================
[PASS] go_lint  passed=true  exit_code=n/a
==============================================================================
--- output (untruncated) ---
go vet: clean

==============================================================================
[PASS] go_tests  passed=true  exit_code=n/a
==============================================================================
--- output (untruncated) ---
ok  	github.com/totalwindupflightsystems/off-by-one/cmd/off-by-one	3.107s
ok  	github.com/totalwindupflightsystems/off-by-one/internal/api	0.626s
ok  	github.com/totalwindupflightsystems/off-by-one/internal/cron	0.118s
ok  	github.com/totalwindupflightsystems/off-by-one/internal/export	1.171s
ok  	github.com/totalwindupflightsystems/off-by-one/internal/graph	2.883s
ok  	github.com/totalwindupflightsystems/off-by-one/internal/import	1.761s
ok  	github.com/totalwindupflightsystems/off-by-one/inter
