GitReins guard run log — full output (the console summary is bounded)
run_utc: 2026-09-19T14:17:22Z
workdir: /home/kara/off-by-one
test_mode: full
test_targets: all (full mode)
overall: PASS
guards: 4 (0 failed, 0 skipped)
diagnostics:
  first_failing_test: none detected
  secrets_scanners: clean (gitleaks + builtin cross-check)

==============================================================================
[PASS] secrets  passed=true  exit_code=n/a
==============================================================================
--- output (untruncated) ---
gitleaks: clean

==============================================================================
[PASS] go_build  passed=true  exit_code=n/a
==============================================================================
--- output (untruncated) ---
go build: ok

==============================================================================
[PASS] go_lint  passed=true  exit_code=n/a
==============================================================================
--- output (untruncated) ---
go vet: clean

==============================================================================
[PASS] go_tests  passed=true  exit_code=n/a
==============================================================================
--- output (untruncated) ---
ok  	github.com/totalwindupflightsystems/off-by-one/cmd/off-by-one	3.867s
ok  	github.com/totalwindupflightsystems/off-by-one/internal/api	1.247s
ok  	github.com/totalwindupflightsystems/off-by-one/internal/cron	0.116s
ok  	github.com/totalwindupflightsystems/off-by-one/internal/export	3.191s
ok  	github.com/totalwindupflightsystems/off-by-one/internal/graph	2.992s
ok  	github.com/totalwindupflightsystems/off-by-one/internal/import	4.026s
ok  	github.com/totalwindupflightsystems/off-by-one/inter
